
> ac-hardhat-template@0.1.0 compile
> hardhat compile

Nothing to compile
No need to generate any newer typings.
